# IMPORTANT : n'éditez-pas ce fichier. En effet si vous le modifiez il sera en conflit avec celui
#             issu de GitHub (ce qui nécessite de « bricoler » un peu pour revenir à la normale)
#             Vous pouvez créer un fichier portails.lst.local avec vos éléments à vous. Ce fichier
#             sera évalué en premier et son retour utilisé s'il y en a un. Sinon se sera ce fichier,
#             puis les valeurs par défaut le cas échéant.

# fichier de sélection fine des portails. Si rien ne correspond les portails par défaut sont utilisées
# doit retourner FALSE (rien) ou un tableau de portails (même si un seul portail)

# Cnidaires
if (/rangs.embranchement/ == 'Cnidaria') { return ['Biologie marine','Cnidaires']; } else { return FALSE; }

## Geckos
# spécifique
if (/rangs.genre/ == 'Uroplatus') { return ['Herpétologie','Madagascar']; } else { return FALSE; }
# général
if ((/rangs.infra-ordre/ == 'Gekkota') or (/rangs.famille/ == 'Gekkonidae')) { return ['Herpétologie']; } else { return FALSE; }

